Archive member included to satisfy reference by file (symbol)

c:/program files/microchip/xc8/v2.36/avr/bin/../lib/gcc/avr/5.4.0/../../../../avr/lib/avr51/memx-const\libm.a(addsf3.o)
                              MCAL/Src/USART.o (__subsf3)
c:/program files/microchip/xc8/v2.36/avr/bin/../lib/gcc/avr/5.4.0/../../../../avr/lib/avr51/memx-const\libm.a(addsf3x.o)
                              c:/program files/microchip/xc8/v2.36/avr/bin/../lib/gcc/avr/5.4.0/../../../../avr/lib/avr51/memx-const\libm.a(addsf3.o) (__addsf3x)
c:/program files/microchip/xc8/v2.36/avr/bin/../lib/gcc/avr/5.4.0/../../../../avr/lib/avr51/memx-const\libm.a(divsf3.o)
                              MCAL/Src/USART.o (__divsf3)
c:/program files/microchip/xc8/v2.36/avr/bin/../lib/gcc/avr/5.4.0/../../../../avr/lib/avr51/memx-const\libm.a(divsf3x.o)
                              c:/program files/microchip/xc8/v2.36/avr/bin/../lib/gcc/avr/5.4.0/../../../../avr/lib/avr51/memx-const\libm.a(divsf3.o) (__divsf3x)
c:/program files/microchip/xc8/v2.36/avr/bin/../lib/gcc/avr/5.4.0/../../../../avr/lib/avr51/memx-const\libm.a(fixunssfsi.o)
                              MCAL/Src/I2C.o (__fixunssfsi)
c:/program files/microchip/xc8/v2.36/avr/bin/../lib/gcc/avr/5.4.0/../../../../avr/lib/avr51/memx-const\libm.a(floatsisf.o)
                              MCAL/Src/I2C.o (__floatunsisf)
c:/program files/microchip/xc8/v2.36/avr/bin/../lib/gcc/avr/5.4.0/../../../../avr/lib/avr51/memx-const\libm.a(fp_inf.o)
                              c:/program files/microchip/xc8/v2.36/avr/bin/../lib/gcc/avr/5.4.0/../../../../avr/lib/avr51/memx-const\libm.a(addsf3x.o) (__fp_inf)
c:/program files/microchip/xc8/v2.36/avr/bin/../lib/gcc/avr/5.4.0/../../../../avr/lib/avr51/memx-const\libm.a(fp_nan.o)
                              c:/program files/microchip/xc8/v2.36/avr/bin/../lib/gcc/avr/5.4.0/../../../../avr/lib/avr51/memx-const\libm.a(addsf3x.o) (__fp_nan)
c:/program files/microchip/xc8/v2.36/avr/bin/../lib/gcc/avr/5.4.0/../../../../avr/lib/avr51/memx-const\libm.a(fp_pscA.o)
                              c:/program files/microchip/xc8/v2.36/avr/bin/../lib/gcc/avr/5.4.0/../../../../avr/lib/avr51/memx-const\libm.a(addsf3x.o) (__fp_pscA)
c:/program files/microchip/xc8/v2.36/avr/bin/../lib/gcc/avr/5.4.0/../../../../avr/lib/avr51/memx-const\libm.a(fp_pscB.o)
                              c:/program files/microchip/xc8/v2.36/avr/bin/../lib/gcc/avr/5.4.0/../../../../avr/lib/avr51/memx-const\libm.a(addsf3x.o) (__fp_pscB)
c:/program files/microchip/xc8/v2.36/avr/bin/../lib/gcc/avr/5.4.0/../../../../avr/lib/avr51/memx-const\libm.a(fp_round.o)
                              c:/program files/microchip/xc8/v2.36/avr/bin/../lib/gcc/avr/5.4.0/../../../../avr/lib/avr51/memx-const\libm.a(addsf3.o) (__fp_round)
c:/program files/microchip/xc8/v2.36/avr/bin/../lib/gcc/avr/5.4.0/../../../../avr/lib/avr51/memx-const\libm.a(fp_split3.o)
                              c:/program files/microchip/xc8/v2.36/avr/bin/../lib/gcc/avr/5.4.0/../../../../avr/lib/avr51/memx-const\libm.a(addsf3x.o) (__fp_split3)
c:/program files/microchip/xc8/v2.36/avr/bin/../lib/gcc/avr/5.4.0/../../../../avr/lib/avr51/memx-const\libm.a(fp_zero.o)
                              c:/program files/microchip/xc8/v2.36/avr/bin/../lib/gcc/avr/5.4.0/../../../../avr/lib/avr51/memx-const\libm.a(addsf3x.o) (__fp_zero)
c:/program files/microchip/xc8/v2.36/avr/bin/../lib/gcc/avr/5.4.0/../../../../avr/lib/avr51/memx-const\libm.a(roundf.o)
                              MCAL/Src/I2C.o (roundf)
c:/program files/microchip/xc8/v2.36/avr/bin/../lib/gcc/avr/5.4.0/../../../../avr/lib/avr51/memx-const\libm.a(cmpsf2.o)
                              c:/program files/microchip/xc8/v2.36/avr/bin/../lib/gcc/avr/5.4.0/../../../../avr/lib/avr51/memx-const\libm.a(roundf.o) (__lesf2)
c:/program files/microchip/xc8/v2.36/avr/bin/../lib/gcc/avr/5.4.0/../../../../avr/lib/avr51/memx-const\libm.a(fp_cmp.o)
                              c:/program files/microchip/xc8/v2.36/avr/bin/../lib/gcc/avr/5.4.0/../../../../avr/lib/avr51/memx-const\libm.a(cmpsf2.o) (__fp_cmp)
c:/program files/microchip/xc8/v2.36/avr/bin/../lib/gcc/avr/5.4.0/../../../../avr/lib/avr51/memx-const\libm.a(gesf2.o)
                              c:/program files/microchip/xc8/v2.36/avr/bin/../lib/gcc/avr/5.4.0/../../../../avr/lib/avr51/memx-const\libm.a(roundf.o) (__gtsf2)
c:/program files/microchip/xc8/v2.36/avr/bin/../lib/gcc/avr/5.4.0/../../../../avr/lib/avr51/memx-const\libm.a(mulsf3.o)
                              c:/program files/microchip/xc8/v2.36/avr/bin/../lib/gcc/avr/5.4.0/../../../../avr/lib/avr51/memx-const\libm.a(roundf.o) (__mulsf3)
c:/program files/microchip/xc8/v2.36/avr/bin/../lib/gcc/avr/5.4.0/../../../../avr/lib/avr51/memx-const\libm.a(mulsf3x.o)
                              c:/program files/microchip/xc8/v2.36/avr/bin/../lib/gcc/avr/5.4.0/../../../../avr/lib/avr51/memx-const\libm.a(mulsf3.o) (__mulsf3x)
c:/program files/microchip/xc8/v2.36/avr/bin/../lib/gcc/avr/5.4.0/avr51/memx-const\libgcc.a(_udivmodsi4.o)
                              MCAL/Src/I2C.o (__udivmodsi4)
c:/program files/microchip/xc8/v2.36/avr/bin/../lib/gcc/avr/5.4.0/avr51/memx-const\libgcc.a(_divmodsi4.o)
                              HAL/Src/CHR_LCD.o (__divmodsi4)
c:/program files/microchip/xc8/v2.36/avr/bin/../lib/gcc/avr/5.4.0/avr51/memx-const\libgcc.a(_negsi2.o)
                              c:/program files/microchip/xc8/v2.36/avr/bin/../lib/gcc/avr/5.4.0/avr51/memx-const\libgcc.a(_divmodsi4.o) (__negsi2)
c:/program files/microchip/xc8/v2.36/avr/bin/../lib/gcc/avr/5.4.0/avr51/memx-const\libgcc.a(_copy_data.o)
                              Application/main.o (__do_copy_data)
c:/program files/microchip/xc8/v2.36/avr/bin/../lib/gcc/avr/5.4.0/avr51/memx-const\libgcc.a(_xload_1.o)
                              HAL/Src/CHR_LCD.o (__xload_1)
c:/program files/microchip/xc8/v2.36/avr/bin/../lib/gcc/avr/5.4.0/avr51/memx-const\libgcc.a(_xload_4.o)
                              MCAL/Src/I2C.o (__xload_4)
c:/program files/microchip/xc8/v2.36/avr/bin/../lib/gcc/avr/5.4.0/../../../../avr/lib/avr51/memx-const\libc.a(exit.o)
                              C:/Program Files (x86)/Atmel/Studio/7.0/Packs/atmel/ATmega_DFP/1.7.374/xc8/avr/lib/avr51/memx-const/crtatmega128a.o (exit)
c:/program files/microchip/xc8/v2.36/avr/bin/../lib/gcc/avr/5.4.0/../../../../avr/lib/avr51/memx-const\libc.a(memcpy.o)
                              MCAL/Src/USART.o (memcpy)
c:/program files/microchip/xc8/v2.36/avr/bin/../lib/gcc/avr/5.4.0/../../../../avr/lib/avr51/memx-const\libc.a(_Exit.o)
                              c:/program files/microchip/xc8/v2.36/avr/bin/../lib/gcc/avr/5.4.0/../../../../avr/lib/avr51/memx-const\libc.a(exit.o) (_Exit)
c:/program files/microchip/xc8/v2.36/avr/bin/../lib/gcc/avr/5.4.0/avr51/memx-const\libgcc.a(_exit.o)
                              c:/program files/microchip/xc8/v2.36/avr/bin/../lib/gcc/avr/5.4.0/../../../../avr/lib/avr51/memx-const\libc.a(_Exit.o) (_exit)

Discarded input sections

 .data          0x0000000000000000        0x0 C:/Program Files (x86)/Atmel/Studio/7.0/Packs/atmel/ATmega_DFP/1.7.374/xc8/avr/lib/avr51/memx-const/crtatmega128a.o
 .bss           0x0000000000000000        0x0 C:/Program Files (x86)/Atmel/Studio/7.0/Packs/atmel/ATmega_DFP/1.7.374/xc8/avr/lib/avr51/memx-const/crtatmega128a.o
 .text          0x0000000000000000        0x0 Application/AppConfig.o
 .data          0x0000000000000000        0x0 Application/AppConfig.o
 .bss           0x0000000000000000        0x0 Application/AppConfig.o
 .debug_info    0x0000000000000000      0x263 Application/AppConfig.o
 .debug_abbrev  0x0000000000000000       0x1b Application/AppConfig.o
 .debug_aranges
                0x0000000000000000       0x18 Application/AppConfig.o
 .debug_line    0x0000000000000000       0x1a Application/AppConfig.o
 .debug_str     0x0000000000000000        0x0 Application/AppConfig.o
 .comment       0x0000000000000000       0x30 Application/AppConfig.o
 .text          0x0000000000000000        0x0 Application/main.o
 .data          0x0000000000000000        0x0 Application/main.o
 .bss           0x0000000000000000        0x0 Application/main.o
 .text          0x0000000000000000        0x0 HAL/Src/CHR_LCD.o
 .data          0x0000000000000000        0x0 HAL/Src/CHR_LCD.o
 .bss           0x0000000000000000        0x0 HAL/Src/CHR_LCD.o
 .text.LCD_WriteString
                0x0000000000000000       0x4e HAL/Src/CHR_LCD.o
 .text.LCD_WriteInteger
                0x0000000000000000      0x12e HAL/Src/CHR_LCD.o
 .text.LCD_WriteIntegerInPos
                0x0000000000000000      0x14e HAL/Src/CHR_LCD.o
 .text.LCD_Clear
                0x0000000000000000       0x16 HAL/Src/CHR_LCD.o
 .text          0x0000000000000000        0x0 MCAL/Src/ADC.o
 .data          0x0000000000000000        0x0 MCAL/Src/ADC.o
 .bss           0x0000000000000000        0x0 MCAL/Src/ADC.o
 .text.ADMUX_Config
                0x0000000000000000       0x3a MCAL/Src/ADC.o
 .text.ADCSRA_Config
                0x0000000000000000       0x6a MCAL/Src/ADC.o
 .text.ADC_Init
                0x0000000000000000       0x1a MCAL/Src/ADC.o
 .text.ADC_Read
                0x0000000000000000       0x80 MCAL/Src/ADC.o
 .text          0x0000000000000000        0x0 MCAL/Src/DIO.o
 .data          0x0000000000000000        0x0 MCAL/Src/DIO.o
 .bss           0x0000000000000000        0x0 MCAL/Src/DIO.o
 .text.DIO_PinDirStatus
                0x0000000000000000       0x70 MCAL/Src/DIO.o
 .text.DIO_PinRead
                0x0000000000000000       0x70 MCAL/Src/DIO.o
 .text.DIO_PinToggle
                0x0000000000000000       0x64 MCAL/Src/DIO.o
 .text.DIO_PortDirSetup
                0x0000000000000000       0x20 MCAL/Src/DIO.o
 .text.DIO_PortDirStatus
                0x0000000000000000       0x24 MCAL/Src/DIO.o
 .text.DIO_PortWrite
                0x0000000000000000       0x20 MCAL/Src/DIO.o
 .text.DIO_PortRead
                0x0000000000000000       0x24 MCAL/Src/DIO.o
 .text.DIO_PortToggle
                0x0000000000000000       0x24 MCAL/Src/DIO.o
 .text.DIO_PortROL
                0x0000000000000000       0x54 MCAL/Src/DIO.o
 .text.DIO_PortROR
                0x0000000000000000       0x54 MCAL/Src/DIO.o
 .data.PIN_REG  0x0000000000000000        0xe MCAL/Src/DIO.o
 .text          0x0000000000000000        0x0 MCAL/Src/Global_Interrupt.o
 .data          0x0000000000000000        0x0 MCAL/Src/Global_Interrupt.o
 .bss           0x0000000000000000        0x0 MCAL/Src/Global_Interrupt.o
 .text.DISABLE_GIE
                0x0000000000000000        0x8 MCAL/Src/Global_Interrupt.o
 .text          0x0000000000000000        0x0 MCAL/Src/I2C.o
 .data          0x0000000000000000        0x0 MCAL/Src/I2C.o
 .bss           0x0000000000000000        0x0 MCAL/Src/I2C.o
 .text.I2C_Init
                0x0000000000000000      0x110 MCAL/Src/I2C.o
 .text.I2C_ReadByteWithAck
                0x0000000000000000       0x32 MCAL/Src/I2C.o
 .text.I2C_ReadByteWithNack
                0x0000000000000000       0x2e MCAL/Src/I2C.o
 .text.I2C_GeneralCallRecognition
                0x0000000000000000       0x16 MCAL/Src/I2C.o
 .text.I2C_GetStatus
                0x0000000000000000        0x8 MCAL/Src/I2C.o
 .text.I2C_WriteByte
                0x0000000000000000       0x34 MCAL/Src/I2C.o
 .text.I2C_Start
                0x0000000000000000       0x2c MCAL/Src/I2C.o
 .text.I2C_Stop
                0x0000000000000000        0xa MCAL/Src/I2C.o
 .debug_info    0x0000000000000000      0x737 MCAL/Src/I2C.o
 .debug_abbrev  0x0000000000000000      0x165 MCAL/Src/I2C.o
 .debug_loc     0x0000000000000000      0x2aa MCAL/Src/I2C.o
 .debug_aranges
                0x0000000000000000       0x58 MCAL/Src/I2C.o
 .debug_ranges  0x0000000000000000       0x78 MCAL/Src/I2C.o
 .debug_line    0x0000000000000000      0x2f9 MCAL/Src/I2C.o
 .debug_str     0x0000000000000000        0x7 MCAL/Src/I2C.o
 .comment       0x0000000000000000       0x30 MCAL/Src/I2C.o
 .debug_frame   0x0000000000000000       0xb0 MCAL/Src/I2C.o
 .text          0x0000000000000000        0x0 MCAL/Src/SPI.o
 .data          0x0000000000000000        0x0 MCAL/Src/SPI.o
 .bss           0x0000000000000000        0x0 MCAL/Src/SPI.o
 .text.SPI_Shift
                0x0000000000000000       0x34 MCAL/Src/SPI.o
 .text.SPI_Init
                0x0000000000000000      0x112 MCAL/Src/SPI.o
 .text.SPI_Transfer
                0x0000000000000000       0xce MCAL/Src/SPI.o
 .text.SPI_Send
                0x0000000000000000       0xd0 MCAL/Src/SPI.o
 .text.SPI_Receive
                0x0000000000000000       0xf0 MCAL/Src/SPI.o
 .text.SPI_TransferDMA
                0x0000000000000000        0xe MCAL/Src/SPI.o
 .text.SPI_IsBusy
                0x0000000000000000        0xe MCAL/Src/SPI.o
 .text.SPI_Set_SS
                0x0000000000000000       0x2e MCAL/Src/SPI.o
 .text.SPI_DaisyChain
                0x0000000000000000        0xe MCAL/Src/SPI.o
 .text.SPI_ClearReadBuffer
                0x0000000000000000        0xc MCAL/Src/SPI.o
 .text.SPI_ClearWriteBuffer
                0x0000000000000000        0xc MCAL/Src/SPI.o
 .bss.TX_DataIsReady
                0x0000000000000000        0x1 MCAL/Src/SPI.o
 .bss.RX_DataIsAvailable
                0x0000000000000000        0x1 MCAL/Src/SPI.o
 .bss.SPI_TX_BufferHead
                0x0000000000000000        0x1 MCAL/Src/SPI.o
 .bss.SPI_TX_Buffer
                0x0000000000000000      0x100 MCAL/Src/SPI.o
 .text          0x0000000000000000        0x0 MCAL/Src/USART.o
 .data          0x0000000000000000        0x0 MCAL/Src/USART.o
 .bss           0x0000000000000000        0x0 MCAL/Src/USART.o
 .text.USART_StringReady
                0x0000000000000000       0x64 MCAL/Src/USART.o
 .text.USART_Flush
                0x0000000000000000       0x44 MCAL/Src/USART.o
 .bss.TX_IndexBuffer
                0x0000000000000000        0x2 MCAL/Src/USART.o
 .data          0x0000000000000000        0x0 c:/program files/microchip/xc8/v2.36/avr/bin/../lib/gcc/avr/5.4.0/../../../../avr/lib/avr51/memx-const\libm.a(addsf3.o)
 .bss           0x0000000000000000        0x0 c:/program files/microchip/xc8/v2.36/avr/bin/../lib/gcc/avr/5.4.0/../../../../avr/lib/avr51/memx-const\libm.a(addsf3.o)
 .stack.descriptors
                0x0000000000000000       0x2c c:/program files/microchip/xc8/v2.36/avr/bin/../lib/gcc/avr/5.4.0/../../../../avr/lib/avr51/memx-const\libm.a(addsf3.o)
 .data          0x0000000000000000        0x0 c:/program files/microchip/xc8/v2.36/avr/bin/../lib/gcc/avr/5.4.0/../../../../avr/lib/avr51/memx-const\libm.a(addsf3x.o)
 .bss           0x0000000000000000        0x0 c:/program files/microchip/xc8/v2.36/avr/bin/../lib/gcc/avr/5.4.0/../../../../avr/lib/avr51/memx-const\libm.a(addsf3x.o)
 .stack.descriptors
                0x0000000000000000       0x17 c:/program files/microchip/xc8/v2.36/avr/bin/../lib/gcc/avr/5.4.0/../../../../avr/lib/avr51/memx-const\libm.a(addsf3x.o)
 .data          0x0000000000000000        0x0 c:/program files/microchip/xc8/v2.36/avr/bin/../lib/gcc/avr/5.4.0/../../../../avr/lib/avr51/memx-const\libm.a(divsf3.o)
 .bss           0x0000000000000000        0x0 c:/program files/microchip/xc8/v2.36/avr/bin/../lib/gcc/avr/5.4.0/../../../../avr/lib/avr51/memx-const\libm.a(divsf3.o)
 .stack.descriptors
                0x0000000000000000       0x16 c:/program files/microchip/xc8/v2.36/avr/bin/../lib/gcc/avr/5.4.0/../../../../avr/lib/avr51/memx-const\libm.a(divsf3.o)
 .data          0x0000000000000000        0x0 c:/program files/microchip/xc8/v2.36/avr/bin/../lib/gcc/avr/5.4.0/../../../../avr/lib/avr51/memx-const\libm.a(divsf3x.o)
 .bss           0x0000000000000000        0x0 c:/program files/microchip/xc8/v2.36/avr/bin/../lib/gcc/avr/5.4.0/../../../../avr/lib/avr51/memx-const\libm.a(divsf3x.o)
 .stack.descriptors
                0x0000000000000000       0x31 c:/program files/microchip/xc8/v2.36/avr/bin/../lib/gcc/avr/5.4.0/../../../../avr/lib/avr51/memx-const\libm.a(divsf3x.o)
 .data          0x0000000000000000        0x0 c:/program files/microchip/xc8/v2.36/avr/bin/../lib/gcc/avr/5.4.0/../../../../avr/lib/avr51/memx-const\libm.a(fixunssfsi.o)
 .bss           0x0000000000000000        0x0 c:/program files/microchip/xc8/v2.36/avr/bin/../lib/gcc/avr/5.4.0/../../../../avr/lib/avr51/memx-const\libm.a(fixunssfsi.o)
 .stack.descriptors
                0x0000000000000000       0x1a c:/program files/microchip/xc8/v2.36/avr/bin/../lib/gcc/avr/5.4.0/../../../../avr/lib/avr51/memx-const\libm.a(fixunssfsi.o)
 .data          0x0000000000000000        0x0 c:/program files/microchip/xc8/v2.36/avr/bin/../lib/gcc/avr/5.4.0/../../../../avr/lib/avr51/memx-const\libm.a(floatsisf.o)
 .bss           0x0000000000000000        0x0 c:/program files/microchip/xc8/v2.36/avr/bin/../lib/gcc/avr/5.4.0/../../../../avr/lib/avr51/memx-const\libm.a(floatsisf.o)
 .stack.descriptors
                0x0000000000000000       0x34 c:/program files/microchip/xc8/v2.36/avr/bin/../lib/gcc/avr/5.4.0/../../../../avr/lib/avr51/memx-const\libm.a(floatsisf.o)
 .data          0x0000000000000000        0x0 c:/program files/microchip/xc8/v2.36/avr/bin/../lib/gcc/avr/5.4.0/../../../../avr/lib/avr51/memx-const\libm.a(fp_inf.o)
 .bss           0x0000000000000000        0x0 c:/program files/microchip/xc8/v2.36/avr/bin/../lib/gcc/avr/5.4.0/../../../../avr/lib/avr51/memx-const\libm.a(fp_inf.o)
 .stack.descriptors
                0x0000000000000000       0x16 c:/program files/microchip/xc8/v2.36/avr/bin/../lib/gcc/avr/5.4.0/../../../../avr/lib/avr51/memx-const\libm.a(fp_inf.o)
 .data          0x0000000000000000        0x0 c:/program files/microchip/xc8/v2.36/avr/bin/../lib/gcc/avr/5.4.0/../../../../avr/lib/avr51/memx-const\libm.a(fp_nan.o)
 .bss           0x0000000000000000        0x0 c:/program files/microchip/xc8/v2.36/avr/bin/../lib/gcc/avr/5.4.0/../../../../avr/lib/avr51/memx-const\libm.a(fp_nan.o)
 .stack.descriptors
                0x0000000000000000       0x16 c:/program files/microchip/xc8/v2.36/avr/bin/../lib/gcc/avr/5.4.0/../../../../avr/lib/avr51/memx-const\libm.a(fp_nan.o)
 .data          0x0000000000000000        0x0 c:/program files/microchip/xc8/v2.36/avr/bin/../lib/gcc/avr/5.4.0/../../../../avr/lib/avr51/memx-const\libm.a(fp_pscA.o)
 .bss           0x0000000000000000        0x0 c:/program files/microchip/xc8/v2.36/avr/bin/../lib/gcc/avr/5.4.0/../../../../avr/lib/avr51/memx-const\libm.a(fp_pscA.o)
 .stack.descriptors
                0x0000000000000000       0x17 c:/program files/microchip/xc8/v2.36/avr/bin/../lib/gcc/avr/5.4.0/../../../../avr/lib/avr51/memx-const\libm.a(fp_pscA.o)
 .data          0x0000000000000000        0x0 c:/program files/microchip/xc8/v2.36/avr/bin/../lib/gcc/avr/5.4.0/../../../../avr/lib/avr51/memx-const\libm.a(fp_pscB.o)
 .bss           0x0000000000000000        0x0 c:/program files/microchip/xc8/v2.36/avr/bin/../lib/gcc/avr/5.4.0/../../../../avr/lib/avr51/memx-const\libm.a(fp_pscB.o)
 .stack.descriptors
                0x0000000000000000       0x17 c:/program files/microchip/xc8/v2.36/avr/bin/../lib/gcc/avr/5.4.0/../../../../avr/lib/avr51/memx-const\libm.a(fp_pscB.o)
 .data          0x0000000000000000        0x0 c:/program files/microchip/xc8/v2.36/avr/bin/../lib/gcc/avr/5.4.0/../../../../avr/lib/avr51/memx-const\libm.a(fp_round.o)
 .bss           0x0000000000000000        0x0 c:/program files/microchip/xc8/v2.36/avr/bin/../lib/gcc/avr/5.4.0/../../../../avr/lib/avr51/memx-const\libm.a(fp_round.o)
 .stack.descriptors
                0x0000000000000000       0x18 c:/program files/microchip/xc8/v2.36/avr/bin/../lib/gcc/avr/5.4.0/../../../../avr/lib/avr51/memx-const\libm.a(fp_round.o)
 .data          0x0000000000000000        0x0 c:/program files/microchip/xc8/v2.36/avr/bin/../lib/gcc/avr/5.4.0/../../../../avr/lib/avr51/memx-const\libm.a(fp_split3.o)
 .bss           0x0000000000000000        0x0 c:/program files/microchip/xc8/v2.36/avr/bin/../lib/gcc/avr/5.4.0/../../../../avr/lib/avr51/memx-const\libm.a(fp_split3.o)
 .stack.descriptors
                0x0000000000000000       0x32 c:/program files/microchip/xc8/v2.36/avr/bin/../lib/gcc/avr/5.4.0/../../../../avr/lib/avr51/memx-const\libm.a(fp_split3.o)
 .data          0x0000000000000000        0x0 c:/program files/microchip/xc8/v2.36/avr/bin/../lib/gcc/avr/5.4.0/../../../../avr/lib/avr51/memx-const\libm.a(fp_zero.o)
 .bss           0x0000000000000000        0x0 c:/program files/microchip/xc8/v2.36/avr/bin/../lib/gcc/avr/5.4.0/../../../../avr/lib/avr51/memx-const\libm.a(fp_zero.o)
 .stack.descriptors
                0x0000000000000000       0x2f c:/program files/microchip/xc8/v2.36/avr/bin/../lib/gcc/avr/5.4.0/../../../../avr/lib/avr51/memx-const\libm.a(fp_zero.o)
 .text          0x0000000000000000        0x0 c:/program files/microchip/xc8/v2.36/avr/bin/../lib/gcc/avr/5.4.0/../../../../avr/lib/avr51/memx-const\libm.a(roundf.o)
 .data          0x0000000000000000        0x0 c:/program files/microchip/xc8/v2.36/avr/bin/../lib/gcc/avr/5.4.0/../../../../avr/lib/avr51/memx-const\libm.a(roundf.o)
 .bss           0x0000000000000000        0x0 c:/program files/microchip/xc8/v2.36/avr/bin/../lib/gcc/avr/5.4.0/../../../../avr/lib/avr51/memx-const\libm.a(roundf.o)
 .data          0x0000000000000000        0x0 c:/program files/microchip/xc8/v2.36/avr/bin/../lib/gcc/avr/5.4.0/../../../../avr/lib/avr51/memx-const\libm.a(cmpsf2.o)
 .bss           0x0000000000000000        0x0 c:/program files/microchip/xc8/v2.36/avr/bin/../lib/gcc/avr/5.4.0/../../../../avr/lib/avr51/memx-const\libm.a(cmpsf2.o)
 .stack.descriptors
                0x0000000000000000       0x6a c:/program files/microchip/xc8/v2.36/avr/bin/../lib/gcc/avr/5.4.0/../../../../avr/lib/avr51/memx-const\libm.a(cmpsf2.o)
 .data          0x0000000000000000        0x0 c:/program files/microchip/xc8/v2.36/avr/bin/../lib/gcc/avr/5.4.0/../../../../avr/lib/avr51/memx-const\libm.a(fp_cmp.o)
 .bss           0x0000000000000000        0x0 c:/program files/microchip/xc8/v2.36/avr/bin/../lib/gcc/avr/5.4.0/../../../../avr/lib/avr51/memx-const\libm.a(fp_cmp.o)
 .stack.descriptors
                0x0000000000000000       0x16 c:/program files/microchip/xc8/v2.36/avr/bin/../lib/gcc/avr/5.4.0/../../../../avr/lib/avr51/memx-const\libm.a(fp_cmp.o)
 .data          0x0000000000000000        0x0 c:/program files/microchip/xc8/v2.36/avr/bin/../lib/gcc/avr/5.4.0/../../../../avr/lib/avr51/memx-const\libm.a(gesf2.o)
 .bss           0x0000000000000000        0x0 c:/program files/microchip/xc8/v2.36/avr/bin/../lib/gcc/avr/5.4.0/../../../../avr/lib/avr51/memx-const\libm.a(gesf2.o)
 .stack.descriptors
                0x0000000000000000       0x2a c:/program files/microchip/xc8/v2.36/avr/bin/../lib/gcc/avr/5.4.0/../../../../avr/lib/avr51/memx-const\libm.a(gesf2.o)
 .data          0x0000000000000000        0x0 c:/program files/microchip/xc8/v2.36/avr/bin/../lib/gcc/avr/5.4.0/../../../../avr/lib/avr51/memx-const\libm.a(mulsf3.o)
 .bss           0x0000000000000000        0x0 c:/program files/microchip/xc8/v2.36/avr/bin/../lib/gcc/avr/5.4.0/../../../../avr/lib/avr51/memx-const\libm.a(mulsf3.o)
 .stack.descriptors
                0x0000000000000000       0x16 c:/program files/microchip/xc8/v2.36/avr/bin/../lib/gcc/avr/5.4.0/../../../../avr/lib/avr51/memx-const\libm.a(mulsf3.o)
 .data          0x0000000000000000        0x0 c:/program files/microchip/xc8/v2.36/avr/bin/../lib/gcc/avr/5.4.0/../../../../avr/lib/avr51/memx-const\libm.a(mulsf3x.o)
 .bss           0x0000000000000000        0x0 c:/program files/microchip/xc8/v2.36/avr/bin/../lib/gcc/avr/5.4.0/../../../../avr/lib/avr51/memx-const\libm.a(mulsf3x.o)
 .stack.descriptors
                0x0000000000000000       0x31 c:/program files/microchip/xc8/v2.36/avr/bin/../lib/gcc/avr/5.4.0/../../../../avr/lib/avr51/memx-const\libm.a(mulsf3x.o)
 .text          0x0000000000000000        0x0 c:/program files/microchip/xc8/v2.36/avr/bin/../lib/gcc/avr/5.4.0/avr51/memx-const\libgcc.a(_udivmodsi4.o)
 .data          0x0000000000000000        0x0 c:/program files/microchip/xc8/v2.36/avr/bin/../lib/gcc/avr/5.4.0/avr51/memx-const\libgcc.a(_udivmodsi4.o)
 .bss           0x0000000000000000        0x0 c:/program files/microchip/xc8/v2.36/avr/bin/../lib/gcc/avr/5.4.0/avr51/memx-const\libgcc.a(_udivmodsi4.o)
 .text.libgcc.mul
                0x0000000000000000        0x0 c:/program files/microchip/xc8/v2.36/avr/bin/../lib/gcc/avr/5.4.0/avr51/memx-const\libgcc.a(_udivmodsi4.o)
 .text.libgcc.div
                0x0000000000000000       0x44 c:/program files/microchip/xc8/v2.36/avr/bin/../lib/gcc/avr/5.4.0/avr51/memx-const\libgcc.a(_udivmodsi4.o)
 .stack.descriptors.hdr
                0x0000000000000000        0xe c:/program files/microchip/xc8/v2.36/avr/bin/../lib/gcc/avr/5.4.0/avr51/memx-const\libgcc.a(_udivmodsi4.o)
 .stack.descriptors
                0x0000000000000000       0x1a c:/program files/microchip/xc8/v2.36/avr/bin/../lib/gcc/avr/5.4.0/avr51/memx-const\libgcc.a(_udivmodsi4.o)
 .text.libgcc   0x0000000000000000        0x0 c:/program files/microchip/xc8/v2.36/avr/bin/../lib/gcc/avr/5.4.0/avr51/memx-const\libgcc.a(_udivmodsi4.o)
 .text.libgcc.prologue
                0x0000000000000000        0x0 c:/program files/microchip/xc8/v2.36/avr/bin/../lib/gcc/avr/5.4.0/avr51/memx-const\libgcc.a(_udivmodsi4.o)
 .text.libgcc.builtins
                0x0000000000000000        0x0 c:/program files/microchip/xc8/v2.36/avr/bin/../lib/gcc/avr/5.4.0/avr51/memx-const\libgcc.a(_udivmodsi4.o)
 .text.libgcc.fmul
                0x0000000000000000        0x0 c:/program files/microchip/xc8/v2.36/avr/bin/../lib/gcc/avr/5.4.0/avr51/memx-const\libgcc.a(_udivmodsi4.o)
 .text.libgcc.fixed
                0x0000000000000000        0x0 c:/program files/microchip/xc8/v2.36/avr/bin/../lib/gcc/avr/5.4.0/avr51/memx-const\libgcc.a(_udivmodsi4.o)
 .text          0x0000000000000000        0x0 c:/program files/microchip/xc8/v2.36/avr/bin/../lib/gcc/avr/5.4.0/avr51/memx-const\libgcc.a(_divmodsi4.o)
 .data          0x0000000000000000        0x0 c:/program files/microchip/xc8/v2.36/avr/bin/../lib/gcc/avr/5.4.0/avr51/memx-const\libgcc.a(_divmodsi4.o)
 .bss           0x0000000000000000        0x0 c:/program files/microchip/xc8/v2.36/avr/bin/../lib/gcc/avr/5.4.0/avr51/memx-const\libgcc.a(_divmodsi4.o)
 .text.libgcc.mul
                0x0000000000000000        0x0 c:/program files/microchip/xc8/v2.36/avr/bin/../lib/gcc/avr/5.4.0/avr51/memx-const\libgcc.a(_divmodsi4.o)
 .text.libgcc.div
                0x0000000000000000       0x2e c:/program files/microchip/xc8/v2.36/avr/bin/../lib/gcc/avr/5.4.0/avr51/memx-const\libgcc.a(_divmodsi4.o)
 .stack.descriptors.hdr
                0x0000000000000000        0xe c:/program files/microchip/xc8/v2.36/avr/bin/../lib/gcc/avr/5.4.0/avr51/memx-const\libgcc.a(_divmodsi4.o)
 .stack.descriptors
                0x0000000000000000       0x19 c:/program files/microchip/xc8/v2.36/avr/bin/../lib/gcc/avr/5.4.0/avr51/memx-const\libgcc.a(_divmodsi4.o)
 .text.libgcc   0x0000000000000000        0x0 c:/program files/microchip/xc8/v2.36/avr/bin/../lib/gcc/avr/5.4.0/avr51/memx-const\libgcc.a(_divmodsi4.o)
 .text.libgcc.prologue
                0x0000000000000000        0x0 c:/program files/microchip/xc8/v2.36/avr/bin/../lib/gcc/avr/5.4.0/avr51/memx-const\libgcc.a(_divmodsi4.o)
 .text.libgcc.builtins
                0x0000000000000000        0x0 c:/program files/microchip/xc8/v2.36/avr/bin/../lib/gcc/avr/5.4.0/avr51/memx-const\libgcc.a(_divmodsi4.o)
 .text.libgcc.fmul
                0x0000000000000000        0x0 c:/program files/microchip/xc8/v2.36/avr/bin/../lib/gcc/avr/5.4.0/avr51/memx-const\libgcc.a(_divmodsi4.o)
 .text.libgcc.fixed
                0x0000000000000000        0x0 c:/program files/microchip/xc8/v2.36/avr/bin/../lib/gcc/avr/5.4.0/avr51/memx-const\libgcc.a(_divmodsi4.o)
 .text          0x0000000000000000        0x0 c:/program files/microchip/xc8/v2.36/avr/bin/../lib/gcc/avr/5.4.0/avr51/memx-const\libgcc.a(_negsi2.o)
 .data          0x0000000000000000        0x0 c:/program files/microchip/xc8/v2.36/avr/bin/../lib/gcc/avr/5.4.0/avr51/memx-const\libgcc.a(_negsi2.o)
 .bss           0x0000000000000000        0x0 c:/program files/microchip/xc8/v2.36/avr/bin/../lib/gcc/avr/5.4.0/avr51/memx-const\libgcc.a(_negsi2.o)
 .text.libgcc.mul
                0x0000000000000000        0x0 c:/program files/microchip/xc8/v2.36/avr/bin/../lib/gcc/avr/5.4.0/avr51/memx-const\libgcc.a(_negsi2.o)
 .text.libgcc.div
                0x0000000000000000       0x10 c:/program files/microchip/xc8/v2.36/avr/bin/../lib/gcc/avr/5.4.0/avr51/memx-const\libgcc.a(_negsi2.o)
 .stack.descriptors.hdr
                0x0000000000000000        0xe c:/program files/microchip/xc8/v2.36/avr/bin/../lib/gcc/avr/5.4.0/avr51/memx-const\libgcc.a(_negsi2.o)
 .stack.descriptors
                0x0000000000000000       0x16 c:/program files/microchip/xc8/v2.36/avr/bin/../lib/gcc/avr/5.4.0/avr51/memx-const\libgcc.a(_negsi2.o)
 .text.libgcc   0x0000000000000000        0x0 c:/program files/microchip/xc8/v2.36/avr/bin/../lib/gcc/avr/5.4.0/avr51/memx-const\libgcc.a(_negsi2.o)
 .text.libgcc.prologue
                0x0000000000000000        0x0 c:/program files/microchip/xc8/v2.36/avr/bin/../lib/gcc/avr/5.4.0/avr51/memx-const\libgcc.a(_negsi2.o)
 .text.libgcc.builtins
                0x0000000000000000        0x0 c:/program files/microchip/xc8/v2.36/avr/bin/../lib/gcc/avr/5.4.0/avr51/memx-const\libgcc.a(_negsi2.o)
 .text.libgcc.fmul
                0x0000000000000000        0x0 c:/program files/microchip/xc8/v2.36/avr/bin/../lib/gcc/avr/5.4.0/avr51/memx-const\libgcc.a(_negsi2.o)
 .text.libgcc.fixed
                0x0000000000000000        0x0 c:/program files/microchip/xc8/v2.36/avr/bin/../lib/gcc/avr/5.4.0/avr51/memx-const\libgcc.a(_negsi2.o)
 .text          0x0000000000000000        0x0 c:/program files/microchip/xc8/v2.36/avr/bin/../lib/gcc/avr/5.4.0/avr51/memx-const\libgcc.a(_copy_data.o)
 .data          0x0000000000000000        0x0 c:/program files/microchip/xc8/v2.36/avr/bin/../lib/gcc/avr/5.4.0/avr51/memx-const\libgcc.a(_copy_data.o)
 .bss           0x0000000000000000        0x0 c:/program files/microchip/xc8/v2.36/avr/bin/../lib/gcc/avr/5.4.0/avr51/memx-const\libgcc.a(_copy_data.o)
 .text.libgcc.mul
                0x0000000000000000        0x0 c:/program files/microchip/xc8/v2.36/avr/bin/../lib/gcc/avr/5.4.0/avr51/memx-const\libgcc.a(_copy_data.o)
 .text.libgcc.div
                0x0000000000000000        0x0 c:/program files/microchip/xc8/v2.36/avr/bin/../lib/gcc/avr/5.4.0/avr51/memx-const\libgcc.a(_copy_data.o)
 .text.libgcc   0x0000000000000000        0x0 c:/program files/microchip/xc8/v2.36/avr/bin/../lib/gcc/avr/5.4.0/avr51/memx-const\libgcc.a(_copy_data.o)
 .text.libgcc.prologue
                0x0000000000000000        0x0 c:/program files/microchip/xc8/v2.36/avr/bin/../lib/gcc/avr/5.4.0/avr51/memx-const\libgcc.a(_copy_data.o)
 .text.libgcc.builtins
                0x0000000000000000        0x0 c:/program files/microchip/xc8/v2.36/avr/bin/../lib/gcc/avr/5.4.0/avr51/memx-const\libgcc.a(_copy_data.o)
 .text.libgcc.fmul
                0x0000000000000000        0x0 c:/program files/microchip/xc8/v2.36/avr/bin/../lib/gcc/avr/5.4.0/avr51/memx-const\libgcc.a(_copy_data.o)
 .text.libgcc.fixed
                0x0000000000000000        0x0 c:/program files/microchip/xc8/v2.36/avr/bin/../lib/gcc/avr/5.4.0/avr51/memx-const\libgcc.a(_copy_data.o)
 .text          0x0000000000000000        0x0 c:/program files/microchip/xc8/v2.36/avr/bin/../lib/gcc/avr/5.4.0/avr51/memx-const\libgcc.a(_xload_1.o)
 .data          0x0000000000000000        0x0 c:/program files/microchip/xc8/v2.36/avr/bin/../lib/gcc/avr/5.4.0/avr51/memx-const\libgcc.a(_xload_1.o)
 .bss           0x0000000000000000        0x0 c:/program files/microchip/xc8/v2.36/avr/bin/../lib/gcc/avr/5.4.0/avr51/memx-const\libgcc.a(_xload_1.o)
 .text.libgcc.mul
                0x0000000000000000        0x0 c:/program files/microchip/xc8/v2.36/avr/bin/../lib/gcc/avr/5.4.0/avr51/memx-const\libgcc.a(_xload_1.o)
 .text.libgcc.div
                0x0000000000000000        0x0 c:/program files/microchip/xc8/v2.36/avr/bin/../lib/gcc/avr/5.4.0/avr51/memx-const\libgcc.a(_xload_1.o)
 .text.libgcc.prologue
                0x0000000000000000        0x0 c:/program files/microchip/xc8/v2.36/avr/bin/../lib/gcc/avr/5.4.0/avr51/memx-const\libgcc.a(_xload_1.o)
 .stack.descriptors
                0x0000000000000000       0x17 c:/program files/microchip/xc8/v2.36/avr/bin/../lib/gcc/avr/5.4.0/avr51/memx-const\libgcc.a(_xload_1.o)
 .text.libgcc.builtins
                0x0000000000000000        0x0 c:/program files/microchip/xc8/v2.36/avr/bin/../lib/gcc/avr/5.4.0/avr51/memx-const\libgcc.a(_xload_1.o)
 .text.libgcc.fmul
                0x0000000000000000        0x0 c:/program files/microchip/xc8/v2.36/avr/bin/../lib/gcc/avr/5.4.0/avr51/memx-const\libgcc.a(_xload_1.o)
 .text.libgcc.fixed
                0x0000000000000000        0x0 c:/program files/microchip/xc8/v2.36/avr/bin/../lib/gcc/avr/5.4.0/avr51/memx-const\libgcc.a(_xload_1.o)
 .text          0x0000000000000000        0x0 c:/program files/microchip/xc8/v2.36/avr/bin/../lib/gcc/avr/5.4.0/avr51/memx-const\libgcc.a(_xload_4.o)
 .data          0x0000000000000000        0x0 c:/program files/microchip/xc8/v2.36/avr/bin/../lib/gcc/avr/5.4.0/avr51/memx-const\libgcc.a(_xload_4.o)
 .bss           0x0000000000000000        0x0 c:/program files/microchip/xc8/v2.36/avr/bin/../lib/gcc/avr/5.4.0/avr51/memx-const\libgcc.a(_xload_4.o)
 .text.libgcc.mul
                0x0000000000000000        0x0 c:/program files/microchip/xc8/v2.36/avr/bin/../lib/gcc/avr/5.4.0/avr51/memx-const\libgcc.a(_xload_4.o)
 .text.libgcc.div
                0x0000000000000000        0x0 c:/program files/microchip/xc8/v2.36/avr/bin/../lib/gcc/avr/5.4.0/avr51/memx-const\libgcc.a(_xload_4.o)
 .text.libgcc.prologue
                0x0000000000000000        0x0 c:/program files/microchip/xc8/v2.36/avr/bin/../lib/gcc/avr/5.4.0/avr51/memx-const\libgcc.a(_xload_4.o)
 .stack.descriptors
                0x0000000000000000       0x17 c:/program files/microchip/xc8/v2.36/avr/bin/../lib/gcc/avr/5.4.0/avr51/memx-const\libgcc.a(_xload_4.o)
 .text.libgcc.builtins
                0x0000000000000000        0x0 c:/program files/microchip/xc8/v2.36/avr/bin/../lib/gcc/avr/5.4.0/avr51/memx-const\libgcc.a(_xload_4.o)
 .text.libgcc.fmul
                0x0000000000000000        0x0 c:/program files/microchip/xc8/v2.36/avr/bin/../lib/gcc/avr/5.4.0/avr51/memx-const\libgcc.a(_xload_4.o)
 .text.libgcc.fixed
                0x0000000000000000        0x0 c:/program files/microchip/xc8/v2.36/avr/bin/../lib/gcc/avr/5.4.0/avr51/memx-const\libgcc.a(_xload_4.o)
 .text          0x0000000000000000        0x0 c:/program files/microchip/xc8/v2.36/avr/bin/../lib/gcc/avr/5.4.0/../../../../avr/lib/avr51/memx-const\libc.a(exit.o)
 .data          0x0000000000000000        0x0 c:/program files/microchip/xc8/v2.36/avr/bin/../lib/gcc/avr/5.4.0/../../../../avr/lib/avr51/memx-const\libc.a(exit.o)
 .bss           0x0000000000000000        0x0 c:/program files/microchip/xc8/v2.36/avr/bin/../lib/gcc/avr/5.4.0/../../../../avr/lib/avr51/memx-const\libc.a(exit.o)
 .text          0x0000000000000000        0x0 c:/program files/microchip/xc8/v2.36/avr/bin/../lib/gcc/avr/5.4.0/../../../../avr/lib/avr51/memx-const\libc.a(memcpy.o)
 .data          0x0000000000000000        0x0 c:/program files/microchip/xc8/v2.36/avr/bin/../lib/gcc/avr/5.4.0/../../../../avr/lib/avr51/memx-const\libc.a(memcpy.o)
 .bss           0x0000000000000000        0x0 c:/program files/microchip/xc8/v2.36/avr/bin/../lib/gcc/avr/5.4.0/../../../../avr/lib/avr51/memx-const\libc.a(memcpy.o)
 .text          0x0000000000000000        0x0 c:/program files/microchip/xc8/v2.36/avr/bin/../lib/gcc/avr/5.4.0/../../../../avr/lib/avr51/memx-const\libc.a(_Exit.o)
 .data          0x0000000000000000        0x0 c:/program files/microchip/xc8/v2.36/avr/bin/../lib/gcc/avr/5.4.0/../../../../avr/lib/avr51/memx-const\libc.a(_Exit.o)
 .bss           0x0000000000000000        0x0 c:/program files/microchip/xc8/v2.36/avr/bin/../lib/gcc/avr/5.4.0/../../../../avr/lib/avr51/memx-const\libc.a(_Exit.o)
 .text          0x0000000000000000        0x0 c:/program files/microchip/xc8/v2.36/avr/bin/../lib/gcc/avr/5.4.0/avr51/memx-const\libgcc.a(_exit.o)
 .data          0x0000000000000000        0x0 c:/program files/microchip/xc8/v2.36/avr/bin/../lib/gcc/avr/5.4.0/avr51/memx-const\libgcc.a(_exit.o)
 .bss           0x0000000000000000        0x0 c:/program files/microchip/xc8/v2.36/avr/bin/../lib/gcc/avr/5.4.0/avr51/memx-const\libgcc.a(_exit.o)
 .text.libgcc.mul
                0x0000000000000000        0x0 c:/program files/microchip/xc8/v2.36/avr/bin/../lib/gcc/avr/5.4.0/avr51/memx-const\libgcc.a(_exit.o)
 .text.libgcc.div
                0x0000000000000000        0x0 c:/program files/microchip/xc8/v2.36/avr/bin/../lib/gcc/avr/5.4.0/avr51/memx-const\libgcc.a(_exit.o)
 .text.libgcc   0x0000000000000000        0x0 c:/program files/microchip/xc8/v2.36/avr/bin/../lib/gcc/avr/5.4.0/avr51/memx-const\libgcc.a(_exit.o)
 .text.libgcc.prologue
                0x0000000000000000        0x0 c:/program files/microchip/xc8/v2.36/avr/bin/../lib/gcc/avr/5.4.0/avr51/memx-const\libgcc.a(_exit.o)
 .stack.descriptors
                0x0000000000000000       0x13 c:/program files/microchip/xc8/v2.36/avr/bin/../lib/gcc/avr/5.4.0/avr51/memx-const\libgcc.a(_exit.o)
 .text.libgcc.builtins
                0x0000000000000000        0x0 c:/program files/microchip/xc8/v2.36/avr/bin/../lib/gcc/avr/5.4.0/avr51/memx-const\libgcc.a(_exit.o)
 .text.libgcc.fmul
                0x0000000000000000        0x0 c:/program files/microchip/xc8/v2.36/avr/bin/../lib/gcc/avr/5.4.0/avr51/memx-const\libgcc.a(_exit.o)
 .text.libgcc.fixed
                0x0000000000000000        0x0 c:/program files/microchip/xc8/v2.36/avr/bin/../lib/gcc/avr/5.4.0/avr51/memx-const\libgcc.a(_exit.o)

Memory Configuration

Name             Origin             Length             Attributes
text             0x0000000000000000 0x0000000000020000 xr
data             0x0000000000800100 0x0000000000001000 rw !x
eeprom           0x0000000000810000 0x0000000000001000 rw !x
fuse             0x0000000000820000 0x0000000000000003 rw !x
lock             0x0000000000830000 0x0000000000000400 rw !x
signature        0x0000000000840000 0x0000000000000400 rw !x
user_signatures  0x0000000000850000 0x0000000000000400 rw !x
*default*        0x0000000000000000 0xffffffffffffffff

Linker script and memory map

Address of section .data set to 0x800100
LOAD C:/Program Files (x86)/Atmel/Studio/7.0/Packs/atmel/ATmega_DFP/1.7.374/xc8/avr/lib/avr51/memx-const/crtatmega128a.o
LOAD Application/AppConfig.o
LOAD Application/main.o
LOAD HAL/Src/CHR_LCD.o
LOAD MCAL/Src/ADC.o
LOAD MCAL/Src/DIO.o
LOAD MCAL/Src/Global_Interrupt.o
LOAD MCAL/Src/I2C.o
LOAD MCAL/Src/SPI.o
LOAD MCAL/Src/USART.o
START GROUP
LOAD c:/program files/microchip/xc8/v2.36/avr/bin/../lib/gcc/avr/5.4.0/../../../../avr/lib/avr51/memx-const\libm.a
END GROUP
START GROUP
LOAD c:/program files/microchip/xc8/v2.36/avr/bin/../lib/gcc/avr/5.4.0/avr51/memx-const\libgcc.a
LOAD c:/program files/microchip/xc8/v2.36/avr/bin/../lib/gcc/avr/5.4.0/../../../../avr/lib/avr51/memx-const\libm.a
LOAD c:/program files/microchip/xc8/v2.36/avr/bin/../lib/gcc/avr/5.4.0/../../../../avr/lib/avr51/memx-const\libc.a
LOAD C:/Program Files (x86)/Atmel/Studio/7.0/Packs/atmel/ATmega_DFP/1.7.374/xc8/avr/lib/avr51/memx-const\libatmega128a.a
END GROUP
                [0x0000000000000000]                __TEXT_REGION_ORIGIN__ = DEFINED (__TEXT_REGION_ORIGIN__)?__TEXT_REGION_ORIGIN__:0x0
                [0x0000000000800100]                __DATA_REGION_ORIGIN__ = DEFINED (__DATA_REGION_ORIGIN__)?__DATA_REGION_ORIGIN__:0x800100
                [0x0000000000020000]                __TEXT_REGION_LENGTH__ = DEFINED (__TEXT_REGION_LENGTH__)?__TEXT_REGION_LENGTH__:0x20000
                [0x0000000000001000]                __DATA_REGION_LENGTH__ = DEFINED (__DATA_REGION_LENGTH__)?__DATA_REGION_LENGTH__:0xff00
                [0x0000000000001000]                __EEPROM_REGION_LENGTH__ = DEFINED (__EEPROM_REGION_LENGTH__)?__EEPROM_REGION_LENGTH__:0x10000
                [0x0000000000000003]                __FUSE_REGION_LENGTH__ = DEFINED (__FUSE_REGION_LENGTH__)?__FUSE_REGION_LENGTH__:0x400
                0x0000000000000400                __LOCK_REGION_LENGTH__ = DEFINED (__LOCK_REGION_LENGTH__)?__LOCK_REGION_LENGTH__:0x400
                0x0000000000000400                __SIGNATURE_REGION_LENGTH__ = DEFINED (__SIGNATURE_REGION_LENGTH__)?__SIGNATURE_REGION_LENGTH__:0x400
                0x0000000000000400                __USER_SIGNATURE_REGION_LENGTH__ = DEFINED (__USER_SIGNATURE_REGION_LENGTH__)?__USER_SIGNATURE_REGION_LENGTH__:0x400

.hash
 *(.hash)

.dynsym
 *(.dynsym)

.dynstr
 *(.dynstr)

.gnu.version
 *(.gnu.version)

.gnu.version_d
 *(.gnu.version_d)

.gnu.version_r
 *(.gnu.version_r)

.rel.init
 *(.rel.init)

.rela.init
 *(.rela.init)

.rel.text
 *(.rel.text)
 *(.rel.text.*)
 *(.rel.gnu.linkonce.t*)

.rela.text
 *(.rela.text)
 *(.rela.text.*)
 *(.rela.gnu.linkonce.t*)

.rel.fini
 *(.rel.fini)

.rela.fini
 *(.rela.fini)

.rel.rodata
 *(.rel.rodata)
 *(.rel.rodata.*)
 *(.rel.gnu.linkonce.r*)

.rela.rodata
 *(.rela.rodata)
 *(.rela.rodata.*)
 *(.rela.gnu.linkonce.r*)

.rel.data
 *(.rel.data)
 *(.rel.data.*)
 *(.rel.gnu.linkonce.d*)

.rela.data
 *(.rela.data)
 *(.rela.data.*)
 *(.rela.gnu.linkonce.d*)

.rel.ctors
 *(.rel.ctors)

.rela.ctors
 *(.rela.ctors)

.rel.dtors
 *(.rel.dtors)

.rela.dtors
 *(.rela.dtors)

.rel.got
 *(.rel.got)

.rela.got
 *(.rela.got)

.rel.bss
 *(.rel.bss)

.rela.bss
 *(.rela.bss)

.rel.plt
 *(.rel.plt)

.rela.plt
 *(.rela.plt)

.text           0x0000000000000000       0xf6
 *(.vectors)
 .vectors       0x0000000000000000       0x8c C:/Program Files (x86)/Atmel/Studio/7.0/Packs/atmel/ATmega_DFP/1.7.374/xc8/avr/lib/avr51/memx-const/crtatmega128a.o
                0x0000000000000000                __vector_default
                0x0000000000000000                __vectors
 *(.vectors)
 *(.progmem.gcc*)
 *(.dinit)
 .dinit         0x000000000000008c       0x11 data_init
                0x000000000000009e                . = ALIGN (0x2)
 *fill*         0x000000000000009d        0x1 
                0x000000000000009e                __trampolines_start = .
 *(.trampolines)
 .trampolines   0x000000000000009e        0x0 linker stubs
 *(.trampolines*)
                0x000000000000009e                __trampolines_end = .
 *libprintf_flt.a:*(.progmem.data)
 *libc.a:*(.progmem.data)
                0x000000000000009e                . = ALIGN (0x2)
 *(.jumptables)
 *(.jumptables*)
 *(.lowtext)
 *(.lowtext*)
                0x000000000000009e                __ctors_start = .
 *(.ctors)
                0x000000000000009e                __ctors_end = .
                0x000000000000009e                __dtors_start = .
 *(.dtors)
                0x000000000000009e                __dtors_end = .
 SORT(*)(.ctors)
 SORT(*)(.dtors)
 *(.init0)
 .init0         0x000000000000009e        0x0 C:/Program Files (x86)/Atmel/Studio/7.0/Packs/atmel/ATmega_DFP/1.7.374/xc8/avr/lib/avr51/memx-const/crtatmega128a.o
                0x000000000000009e                __init
 *(.init0)
 *(.init1)
 *(.init1)
 *(.init2)
 .init2         0x000000000000009e        0xc C:/Program Files (x86)/Atmel/Studio/7.0/Packs/atmel/ATmega_DFP/1.7.374/xc8/avr/lib/avr51/memx-const/crtatmega128a.o
 *(.init2)
 *(.init3)
 *(.init3)
 *(.init4)
 .init4         0x00000000000000aa       0x40 c:/program files/microchip/xc8/v2.36/avr/bin/../lib/gcc/avr/5.4.0/avr51/memx-const\libgcc.a(_copy_data.o)
                0x00000000000000aa                __do_copy_data
                0x00000000000000dc                __do_clear_bss
 *(.init4)
 *(.init5)
 *(.init5)
 *(.init6)
 *(.init6)
 *(.init7)
 *(.init7)
 *(.init8)
 *(.init8)
 *(.init9)
 .init9         0x00000000000000ea        0x8 C:/Program Files (x86)/Atmel/Studio/7.0/Packs/atmel/ATmega_DFP/1.7.374/xc8/avr/lib/avr51/memx-const/crtatmega128a.o
 *(.init9)
                0x00000000000000f2                . = ALIGN (0x2)
 *(.fini9)
 .fini9         0x00000000000000f2        0x0 c:/program files/microchip/xc8/v2.36/avr/bin/../lib/gcc/avr/5.4.0/avr51/memx-const\libgcc.a(_exit.o)
                0x00000000000000f2                _exit
 *(.fini9)
 *(.fini8)
 *(.fini8)
 *(.fini7)
 *(.fini7)
 *(.fini6)
 *(.fini6)
 *(.fini5)
 *(.fini5)
 *(.fini4)
 *(.fini4)
 *(.fini3)
 *(.fini3)
 *(.fini2)
 *(.fini2)
 *(.fini1)
 *(.fini1)
 *(.fini0)
 .fini0         0x00000000000000f2        0x4 c:/program files/microchip/xc8/v2.36/avr/bin/../lib/gcc/avr/5.4.0/avr51/memx-const\libgcc.a(_exit.o)
 *(.fini0)
                0x00000000000000f6                _etext = .

.data           0x0000000000800100        0x0 load address 0x00000000000000f6
                [!provide]                        PROVIDE (__data_start, .)
 *(.gnu.linkonce.d*)
 *(.gnu.linkonce.r*)
                0x0000000000800100                . = ALIGN (0x2)
                0x0000000000800100                _edata = .
                [!provide]                        PROVIDE (__data_end, .)

.bss            0x0000000000800100        0x0
                [!provide]                        PROVIDE (__bss_start, .)
 *(COMMON)
                [!provide]                        PROVIDE (__bss_end, .)
                0x00000000000000f6                __data_load_start = LOADADDR (.data)
                0x00000000000000f6                __data_load_end = (__data_load_start + SIZEOF (.data))

.noinit         0x0000000000800100        0x0
                [!provide]                        PROVIDE (__noinit_start, .)
 *(.noinit*)
                [!provide]                        PROVIDE (__noinit_end, .)
                0x0000000000800100                _end = .

.eeprom         0x0000000000810000        0x0
 *(.eeprom*)
                0x0000000000810000                __eeprom_end = .

.fuse
 *(.fuse)
 *(.lfuse)
 *(.hfuse)
 *(.efuse)

.lock
 *(.lock*)

.signature
 *(.signature*)

.user_signatures
 *(.user_signatures*)

.stab
 *(.stab)

.stabstr
 *(.stabstr)

.stab.excl
 *(.stab.excl)

.stab.exclstr
 *(.stab.exclstr)

.stab.index
 *(.stab.index)

.stab.indexstr
 *(.stab.indexstr)

.comment        0x0000000000000000       0x2f
 *(.comment)
 .comment       0x0000000000000000       0x2f Application/main.o
                                         0x30 (size before relaxing)
 .comment       0x000000000000002f       0x30 HAL/Src/CHR_LCD.o
 .comment       0x000000000000002f       0x30 MCAL/Src/ADC.o
 .comment       0x000000000000002f       0x30 MCAL/Src/DIO.o
 .comment       0x000000000000002f       0x30 MCAL/Src/Global_Interrupt.o
 .comment       0x000000000000002f       0x30 MCAL/Src/SPI.o
 .comment       0x000000000000002f       0x30 MCAL/Src/USART.o
 .comment       0x000000000000002f       0x30 c:/program files/microchip/xc8/v2.36/avr/bin/../lib/gcc/avr/5.4.0/../../../../avr/lib/avr51/memx-const\libm.a(roundf.o)
 .comment       0x000000000000002f       0x30 c:/program files/microchip/xc8/v2.36/avr/bin/../lib/gcc/avr/5.4.0/../../../../avr/lib/avr51/memx-const\libc.a(exit.o)
 .comment       0x000000000000002f       0x30 c:/program files/microchip/xc8/v2.36/avr/bin/../lib/gcc/avr/5.4.0/../../../../avr/lib/avr51/memx-const\libc.a(memcpy.o)
 .comment       0x000000000000002f       0x30 c:/program files/microchip/xc8/v2.36/avr/bin/../lib/gcc/avr/5.4.0/../../../../avr/lib/avr51/memx-const\libc.a(_Exit.o)

.stack.descriptors.hdr
                0x0000000000000000      0x126
 .stack.descriptors.hdr
                0x0000000000000000        0xe c:/program files/microchip/xc8/v2.36/avr/bin/../lib/gcc/avr/5.4.0/../../../../avr/lib/avr51/memx-const\libm.a(addsf3.o)
 .stack.descriptors.hdr
                0x000000000000000e        0xe c:/program files/microchip/xc8/v2.36/avr/bin/../lib/gcc/avr/5.4.0/../../../../avr/lib/avr51/memx-const\libm.a(addsf3x.o)
 .stack.descriptors.hdr
                0x000000000000001c        0xe c:/program files/microchip/xc8/v2.36/avr/bin/../lib/gcc/avr/5.4.0/../../../../avr/lib/avr51/memx-const\libm.a(divsf3.o)
 .stack.descriptors.hdr
                0x000000000000002a        0xe c:/program files/microchip/xc8/v2.36/avr/bin/../lib/gcc/avr/5.4.0/../../../../avr/lib/avr51/memx-const\libm.a(divsf3x.o)
 .stack.descriptors.hdr
                0x0000000000000038        0xe c:/program files/microchip/xc8/v2.36/avr/bin/../lib/gcc/avr/5.4.0/../../../../avr/lib/avr51/memx-const\libm.a(fixunssfsi.o)
 .stack.descriptors.hdr
                0x0000000000000046        0xe c:/program files/microchip/xc8/v2.36/avr/bin/../lib/gcc/avr/5.4.0/../../../../avr/lib/avr51/memx-const\libm.a(floatsisf.o)
 .stack.descriptors.hdr
                0x0000000000000054        0xe c:/program files/microchip/xc8/v2.36/avr/bin/../lib/gcc/avr/5.4.0/../../../../avr/lib/avr51/memx-const\libm.a(fp_inf.o)
 .stack.descriptors.hdr
                0x0000000000000062        0xe c:/program files/microchip/xc8/v2.36/avr/bin/../lib/gcc/avr/5.4.0/../../../../avr/lib/avr51/memx-const\libm.a(fp_nan.o)
 .stack.descriptors.hdr
                0x0000000000000070        0xe c:/program files/microchip/xc8/v2.36/avr/bin/../lib/gcc/avr/5.4.0/../../../../avr/lib/avr51/memx-const\libm.a(fp_pscA.o)
 .stack.descriptors.hdr
                0x000000000000007e        0xe c:/program files/microchip/xc8/v2.36/avr/bin/../lib/gcc/avr/5.4.0/../../../../avr/lib/avr51/memx-const\libm.a(fp_pscB.o)
 .stack.descriptors.hdr
                0x000000000000008c        0xe c:/program files/microchip/xc8/v2.36/avr/bin/../lib/gcc/avr/5.4.0/../../../../avr/lib/avr51/memx-const\libm.a(fp_round.o)
 .stack.descriptors.hdr
                0x000000000000009a        0xe c:/program files/microchip/xc8/v2.36/avr/bin/../lib/gcc/avr/5.4.0/../../../../avr/lib/avr51/memx-const\libm.a(fp_split3.o)
 .stack.descriptors.hdr
                0x00000000000000a8        0xe c:/program files/microchip/xc8/v2.36/avr/bin/../lib/gcc/avr/5.4.0/../../../../avr/lib/avr51/memx-const\libm.a(fp_zero.o)
 .stack.descriptors.hdr
                0x00000000000000b6        0xe c:/program files/microchip/xc8/v2.36/avr/bin/../lib/gcc/avr/5.4.0/../../../../avr/lib/avr51/memx-const\libm.a(cmpsf2.o)
 .stack.descriptors.hdr
                0x00000000000000c4        0xe c:/program files/microchip/xc8/v2.36/avr/bin/../lib/gcc/avr/5.4.0/../../../../avr/lib/avr51/memx-const\libm.a(fp_cmp.o)
 .stack.descriptors.hdr
                0x00000000000000d2        0xe c:/program files/microchip/xc8/v2.36/avr/bin/../lib/gcc/avr/5.4.0/../../../../avr/lib/avr51/memx-const\libm.a(gesf2.o)
 .stack.descriptors.hdr
                0x00000000000000e0        0xe c:/program files/microchip/xc8/v2.36/avr/bin/../lib/gcc/avr/5.4.0/../../../../avr/lib/avr51/memx-const\libm.a(mulsf3.o)
 .stack.descriptors.hdr
                0x00000000000000ee        0xe c:/program files/microchip/xc8/v2.36/avr/bin/../lib/gcc/avr/5.4.0/../../../../avr/lib/avr51/memx-const\libm.a(mulsf3x.o)
 .stack.descriptors.hdr
                0x00000000000000fc        0xe c:/program files/microchip/xc8/v2.36/avr/bin/../lib/gcc/avr/5.4.0/avr51/memx-const\libgcc.a(_xload_1.o)
 .stack.descriptors.hdr
                0x000000000000010a        0xe c:/program files/microchip/xc8/v2.36/avr/bin/../lib/gcc/avr/5.4.0/avr51/memx-const\libgcc.a(_xload_4.o)
 .stack.descriptors.hdr
                0x0000000000000118        0xe c:/program files/microchip/xc8/v2.36/avr/bin/../lib/gcc/avr/5.4.0/avr51/memx-const\libgcc.a(_exit.o)

.note.GNU-stack
                0x0000000000000000        0x0
 .note.GNU-stack
                0x0000000000000000        0x0 c:/program files/microchip/xc8/v2.36/avr/bin/../lib/gcc/avr/5.4.0/../../../../avr/lib/avr51/memx-const\libm.a(addsf3.o)
 .note.GNU-stack
                0x0000000000000000        0x0 c:/program files/microchip/xc8/v2.36/avr/bin/../lib/gcc/avr/5.4.0/../../../../avr/lib/avr51/memx-const\libm.a(addsf3x.o)
 .note.GNU-stack
                0x0000000000000000        0x0 c:/program files/microchip/xc8/v2.36/avr/bin/../lib/gcc/avr/5.4.0/../../../../avr/lib/avr51/memx-const\libm.a(divsf3.o)
 .note.GNU-stack
                0x0000000000000000        0x0 c:/program files/microchip/xc8/v2.36/avr/bin/../lib/gcc/avr/5.4.0/../../../../avr/lib/avr51/memx-const\libm.a(divsf3x.o)
 .note.GNU-stack
                0x0000000000000000        0x0 c:/program files/microchip/xc8/v2.36/avr/bin/../lib/gcc/avr/5.4.0/../../../../avr/lib/avr51/memx-const\libm.a(fixunssfsi.o)
 .note.GNU-stack
                0x0000000000000000        0x0 c:/program files/microchip/xc8/v2.36/avr/bin/../lib/gcc/avr/5.4.0/../../../../avr/lib/avr51/memx-const\libm.a(floatsisf.o)
 .note.GNU-stack
                0x0000000000000000        0x0 c:/program files/microchip/xc8/v2.36/avr/bin/../lib/gcc/avr/5.4.0/../../../../avr/lib/avr51/memx-const\libm.a(fp_inf.o)
 .note.GNU-stack
                0x0000000000000000        0x0 c:/program files/microchip/xc8/v2.36/avr/bin/../lib/gcc/avr/5.4.0/../../../../avr/lib/avr51/memx-const\libm.a(fp_nan.o)
 .note.GNU-stack
                0x0000000000000000        0x0 c:/program files/microchip/xc8/v2.36/avr/bin/../lib/gcc/avr/5.4.0/../../../../avr/lib/avr51/memx-const\libm.a(fp_pscA.o)
 .note.GNU-stack
                0x0000000000000000        0x0 c:/program files/microchip/xc8/v2.36/avr/bin/../lib/gcc/avr/5.4.0/../../../../avr/lib/avr51/memx-const\libm.a(fp_pscB.o)
 .note.GNU-stack
                0x0000000000000000        0x0 c:/program files/microchip/xc8/v2.36/avr/bin/../lib/gcc/avr/5.4.0/../../../../avr/lib/avr51/memx-const\libm.a(fp_round.o)
 .note.GNU-stack
                0x0000000000000000        0x0 c:/program files/microchip/xc8/v2.36/avr/bin/../lib/gcc/avr/5.4.0/../../../../avr/lib/avr51/memx-const\libm.a(fp_split3.o)
 .note.GNU-stack
                0x0000000000000000        0x0 c:/program files/microchip/xc8/v2.36/avr/bin/../lib/gcc/avr/5.4.0/../../../../avr/lib/avr51/memx-const\libm.a(fp_zero.o)
 .note.GNU-stack
                0x0000000000000000        0x0 c:/program files/microchip/xc8/v2.36/avr/bin/../lib/gcc/avr/5.4.0/../../../../avr/lib/avr51/memx-const\libm.a(roundf.o)
 .note.GNU-stack
                0x0000000000000000        0x0 c:/program files/microchip/xc8/v2.36/avr/bin/../lib/gcc/avr/5.4.0/../../../../avr/lib/avr51/memx-const\libm.a(cmpsf2.o)
 .note.GNU-stack
                0x0000000000000000        0x0 c:/program files/microchip/xc8/v2.36/avr/bin/../lib/gcc/avr/5.4.0/../../../../avr/lib/avr51/memx-const\libm.a(fp_cmp.o)
 .note.GNU-stack
                0x0000000000000000        0x0 c:/program files/microchip/xc8/v2.36/avr/bin/../lib/gcc/avr/5.4.0/../../../../avr/lib/avr51/memx-const\libm.a(gesf2.o)
 .note.GNU-stack
                0x0000000000000000        0x0 c:/program files/microchip/xc8/v2.36/avr/bin/../lib/gcc/avr/5.4.0/../../../../avr/lib/avr51/memx-const\libm.a(mulsf3.o)
 .note.GNU-stack
                0x0000000000000000        0x0 c:/program files/microchip/xc8/v2.36/avr/bin/../lib/gcc/avr/5.4.0/../../../../avr/lib/avr51/memx-const\libm.a(mulsf3x.o)
 .note.GNU-stack
                0x0000000000000000        0x0 c:/program files/microchip/xc8/v2.36/avr/bin/../lib/gcc/avr/5.4.0/../../../../avr/lib/avr51/memx-const\libc.a(exit.o)
 .note.GNU-stack
                0x0000000000000000        0x0 c:/program files/microchip/xc8/v2.36/avr/bin/../lib/gcc/avr/5.4.0/../../../../avr/lib/avr51/memx-const\libc.a(memcpy.o)
 .note.GNU-stack
                0x0000000000000000        0x0 c:/program files/microchip/xc8/v2.36/avr/bin/../lib/gcc/avr/5.4.0/../../../../avr/lib/avr51/memx-const\libc.a(_Exit.o)

.note.gnu.build-id
 *(.note.gnu.build-id)

.debug
 *(.debug)

.line
 *(.line)

.debug_srcinfo
 *(.debug_srcinfo)

.debug_sfnames
 *(.debug_sfnames)

.debug_aranges  0x0000000000000000      0x288
 *(.debug_aranges)
 .debug_aranges
                0x0000000000000000       0x20 Application/main.o
 .debug_aranges
                0x0000000000000020       0x80 HAL/Src/CHR_LCD.o
 .debug_aranges
                0x00000000000000a0       0x40 MCAL/Src/ADC.o
 .debug_aranges
                0x00000000000000e0       0x78 MCAL/Src/DIO.o
 .debug_aranges
                0x0000000000000158       0x28 MCAL/Src/Global_Interrupt.o
 .debug_aranges
                0x0000000000000180       0x78 MCAL/Src/SPI.o
 .debug_aranges
                0x00000000000001f8       0x90 MCAL/Src/USART.o

.debug_pubnames
 *(.debug_pubnames)

.debug_info     0x0000000000000000     0x5726
 *(.debug_info .gnu.linkonce.wi.*)
 .debug_info    0x0000000000000000      0x780 C:/Program Files (x86)/Atmel/Studio/7.0/Packs/atmel/ATmega_DFP/1.7.374/xc8/avr/lib/avr51/memx-const/crtatmega128a.o
 .debug_info    0x0000000000000780      0xcc0 Application/main.o
 .debug_info    0x0000000000001440     0x1337 HAL/Src/CHR_LCD.o
 .debug_info    0x0000000000002777      0x7ba MCAL/Src/ADC.o
 .debug_info    0x0000000000002f31      0x897 MCAL/Src/DIO.o
 .debug_info    0x00000000000037c8      0x2af MCAL/Src/Global_Interrupt.o
 .debug_info    0x0000000000003a77      0xcfc MCAL/Src/SPI.o
 .debug_info    0x0000000000004773      0xfb3 MCAL/Src/USART.o

.debug_abbrev   0x0000000000000000     0x134d
 *(.debug_abbrev)
 .debug_abbrev  0x0000000000000000      0x718 C:/Program Files (x86)/Atmel/Studio/7.0/Packs/atmel/ATmega_DFP/1.7.374/xc8/avr/lib/avr51/memx-const/crtatmega128a.o
 .debug_abbrev  0x0000000000000718      0x18a Application/main.o
 .debug_abbrev  0x00000000000008a2      0x29d HAL/Src/CHR_LCD.o
 .debug_abbrev  0x0000000000000b3f      0x185 MCAL/Src/ADC.o
 .debug_abbrev  0x0000000000000cc4      0x154 MCAL/Src/DIO.o
 .debug_abbrev  0x0000000000000e18       0x46 MCAL/Src/Global_Interrupt.o
 .debug_abbrev  0x0000000000000e5e      0x2a7 MCAL/Src/SPI.o
 .debug_abbrev  0x0000000000001105      0x248 MCAL/Src/USART.o

.debug_line     0x0000000000000000     0x1a42
 *(.debug_line .debug_line.* .debug_line_end)
 .debug_line    0x0000000000000000      0x16d C:/Program Files (x86)/Atmel/Studio/7.0/Packs/atmel/ATmega_DFP/1.7.374/xc8/avr/lib/avr51/memx-const/crtatmega128a.o
 .debug_line    0x000000000000016d      0x1dc Application/main.o
 .debug_line    0x0000000000000349      0x6fd HAL/Src/CHR_LCD.o
 .debug_line    0x0000000000000a46      0x215 MCAL/Src/ADC.o
 .debug_line    0x0000000000000c5b      0x355 MCAL/Src/DIO.o
 .debug_line    0x0000000000000fb0       0x99 MCAL/Src/Global_Interrupt.o
 .debug_line    0x0000000000001049      0x58f MCAL/Src/SPI.o
 .debug_line    0x00000000000015d8      0x46a MCAL/Src/USART.o

.debug_frame    0x0000000000000000      0x8b4
 *(.debug_frame)
 .debug_frame   0x0000000000000000       0x34 Application/main.o
 .debug_frame   0x0000000000000034      0x284 HAL/Src/CHR_LCD.o
 .debug_frame   0x00000000000002b8       0x80 MCAL/Src/ADC.o
 .debug_frame   0x0000000000000338      0x114 MCAL/Src/DIO.o
 .debug_frame   0x000000000000044c       0x34 MCAL/Src/Global_Interrupt.o
 .debug_frame   0x0000000000000480      0x128 MCAL/Src/SPI.o
 .debug_frame   0x00000000000005a8      0x30c MCAL/Src/USART.o

.debug_str      0x0000000000000000      0x39e
 *(.debug_str)
 .debug_str     0x0000000000000000      0x27d C:/Program Files (x86)/Atmel/Studio/7.0/Packs/atmel/ATmega_DFP/1.7.374/xc8/avr/lib/avr51/memx-const/crtatmega128a.o
 .debug_str     0x000000000000027d       0x68 Application/main.o
 .debug_str     0x00000000000002e5       0x55 HAL/Src/CHR_LCD.o
 .debug_str     0x000000000000033a       0x16 MCAL/Src/ADC.o
 .debug_str     0x0000000000000350       0x1c MCAL/Src/DIO.o
 .debug_str     0x000000000000036c        0x0 MCAL/Src/Global_Interrupt.o
 .debug_str     0x000000000000036c       0x1e MCAL/Src/SPI.o
 .debug_str     0x000000000000038a       0x14 MCAL/Src/USART.o

.debug_loc      0x0000000000000000     0x30f5
 *(.debug_loc)
 .debug_loc     0x0000000000000000       0x8f Application/main.o
 .debug_loc     0x000000000000008f     0x16bb HAL/Src/CHR_LCD.o
 .debug_loc     0x000000000000174a      0x227 MCAL/Src/ADC.o
 .debug_loc     0x0000000000001971      0x687 MCAL/Src/DIO.o
 .debug_loc     0x0000000000001ff8      0x6dc MCAL/Src/SPI.o
 .debug_loc     0x00000000000026d4      0xa21 MCAL/Src/USART.o

.debug_macinfo
 *(.debug_macinfo)

.debug_weaknames
 *(.debug_weaknames)

.debug_funcnames
 *(.debug_funcnames)

.debug_typenames
 *(.debug_typenames)

.debug_varnames
 *(.debug_varnames)

.debug_pubtypes
 *(.debug_pubtypes)

.debug_ranges   0x0000000000000000      0x2b0
 *(.debug_ranges)
 .debug_ranges  0x0000000000000000       0x10 Application/main.o
 .debug_ranges  0x0000000000000010       0xa0 HAL/Src/CHR_LCD.o
 .debug_ranges  0x00000000000000b0       0x30 MCAL/Src/ADC.o
 .debug_ranges  0x00000000000000e0       0x68 MCAL/Src/DIO.o
 .debug_ranges  0x0000000000000148       0x18 MCAL/Src/Global_Interrupt.o
 .debug_ranges  0x0000000000000160       0xd0 MCAL/Src/SPI.o
 .debug_ranges  0x0000000000000230       0x80 MCAL/Src/USART.o

.debug_macro
 *(.debug_macro)
OUTPUT(ATmega128 New Drivers.elf elf32-avr)
LOAD linker stubs
LOAD data_init

.note.gnu.avr.deviceinfo
                0x0000000000000000       0x40
 .note.gnu.avr.deviceinfo
                0x0000000000000000       0x40 C:/Program Files (x86)/Atmel/Studio/7.0/Packs/atmel/ATmega_DFP/1.7.374/xc8/avr/lib/avr51/memx-const/crtatmega128a.o

.bss.ADC_Complete
                0x000000000080065a        0x1
 .bss.ADC_Complete
                0x000000000080065a        0x1 MCAL/Src/ADC.o

.bss.SPI_OperationMode
                0x000000000080065b        0x1
 .bss.SPI_OperationMode
                0x000000000080065b        0x1 MCAL/Src/SPI.o

.bss.TX_DataIsAvailable
                0x000000000080065c        0x1
 .bss.TX_DataIsAvailable
                0x000000000080065c        0x1 MCAL/Src/SPI.o

.bss.RX_DataIsReady
                0x000000000080065d        0x1
 .bss.RX_DataIsReady
                0x000000000080065d        0x1 MCAL/Src/SPI.o

.bss.SPI_TX_BufferTail
                0x000000000080065e        0x1
 .bss.SPI_TX_BufferTail
                0x000000000080065e        0x1 MCAL/Src/SPI.o

.bss.SPI_RX_BufferTail
                0x000000000080065f        0x1
 .bss.SPI_RX_BufferTail
                0x000000000080065f        0x1 MCAL/Src/SPI.o

.bss.SPI_RX_BufferHead
                0x0000000000800660        0x1
 .bss.SPI_RX_BufferHead
                0x0000000000800660        0x1 MCAL/Src/SPI.o

.bss.SPI_RX_Buffer
                0x0000000000800500      0x100
 .bss.SPI_RX_Buffer
                0x0000000000800500      0x100 MCAL/Src/SPI.o

.bss.RX_DataIsAvailable
                0x000000000080064c        0x2
 .bss.RX_DataIsAvailable
                0x000000000080064c        0x2 MCAL/Src/USART.o

.bss.RX_DataIsReady
                0x000000000080064e        0x2
 .bss.RX_DataIsReady
                0x000000000080064e        0x2 MCAL/Src/USART.o

.bss.RX_IndexBuffer
                0x0000000000800650        0x2
 .bss.RX_IndexBuffer
                0x0000000000800650        0x2 MCAL/Src/USART.o

.bss.TX_BufferTail
                0x0000000000800652        0x2
 .bss.TX_BufferTail
                0x0000000000800652        0x2 MCAL/Src/USART.o

.bss.TX_BufferHead
                0x0000000000800654        0x2
 .bss.TX_BufferHead
                0x0000000000800654        0x2 MCAL/Src/USART.o

.bss.TX_Buffer  0x0000000000800100      0x200
 .bss.TX_Buffer
                0x0000000000800100      0x200 MCAL/Src/USART.o

.bss.RX_BufferTail
                0x0000000000800656        0x2
 .bss.RX_BufferTail
                0x0000000000800656        0x2 MCAL/Src/USART.o

.bss.RX_BufferHead
                0x0000000000800658        0x2
 .bss.RX_BufferHead
                0x0000000000800658        0x2 MCAL/Src/USART.o

.bss.RX_Buffer  0x0000000000800300      0x200
 .bss.RX_Buffer
                0x0000000000800300      0x200 MCAL/Src/USART.o

.progmemx.data  0x00000000000000f6       0x27
 .progmemx.data
                0x00000000000000f6       0x27 Application/main.o

.progmemx.data.HeartcustomChar
                0x000000000000011d        0x8
 .progmemx.data.HeartcustomChar
                0x000000000000011d        0x8 Application/main.o
                0x000000000000011d                HeartcustomChar

.progmemx.data.SmilecustomChar
                0x0000000000000125        0x8
 .progmemx.data.SmilecustomChar
                0x0000000000000125        0x8 Application/main.o
                0x0000000000000125                SmilecustomChar

.text.USART_Init
                0x000000000000012e      0x1f4
 .text.USART_Init
                0x000000000000012e      0x1f4 MCAL/Src/USART.o
                0x000000000000012e                USART_Init

.text.USART_Receive_String
                0x0000000000000322      0x188
 .text.USART_Receive_String
                0x0000000000000322      0x188 MCAL/Src/USART.o
                0x0000000000000322                USART_Receive_String

.text.LCD_Init  0x00000000000004aa      0x174
 .text.LCD_Init
                0x00000000000004aa      0x174 HAL/Src/CHR_LCD.o
                0x00000000000004aa                LCD_Init

.text.roundf    0x000000000000061e      0x136
 .text.roundf   0x000000000000061e      0x136 c:/program files/microchip/xc8/v2.36/avr/bin/../lib/gcc/avr/5.4.0/../../../../avr/lib/avr51/memx-const\libm.a(roundf.o)
                0x000000000000061e                roundf

.text.USART_Transmit_Byte
                0x0000000000000754      0x104
 .text.USART_Transmit_Byte
                0x0000000000000754      0x104 MCAL/Src/USART.o
                0x0000000000000754                USART_Transmit_Byte

.text.LCD_WriteCommand
                0x0000000000000858       0xfe
 .text.LCD_WriteCommand
                0x0000000000000858       0xfe HAL/Src/CHR_LCD.o
                0x0000000000000858                LCD_WriteCommand

.text.USART_Receive_Byte
                0x0000000000000956       0xf8
 .text.USART_Receive_Byte
                0x0000000000000956       0xf8 MCAL/Src/USART.o
                0x0000000000000956                USART_Receive_Byte

.text.DIO_PinDirSetup
                0x0000000000000a4e       0xec
 .text.DIO_PinDirSetup
                0x0000000000000a4e       0xec MCAL/Src/DIO.o
                0x0000000000000a4e                DIO_PinDirSetup

.text.main      0x0000000000000b3a       0xea
 .text.main     0x0000000000000b3a       0xea Application/main.o
                0x0000000000000b3a                main

.text.__vector_17
                0x0000000000000c24       0xe2
 .text.__vector_17
                0x0000000000000c24       0xe2 MCAL/Src/SPI.o
                0x0000000000000c24                __vector_17

.text           0x0000000000000d06       0xde
 .text          0x0000000000000d06       0xde c:/program files/microchip/xc8/v2.36/avr/bin/../lib/gcc/avr/5.4.0/../../../../avr/lib/avr51/memx-const\libm.a(divsf3x.o)
                0x0000000000000d06                __divsf3x
                0x0000000000000d2e                __divsf3_pse

.text.LCD_WriteChar
                0x0000000000000de4       0xd6
 .text.LCD_WriteChar
                0x0000000000000de4       0xd6 HAL/Src/CHR_LCD.o
                0x0000000000000de4                LCD_WriteChar

.text           0x0000000000000eba       0xd4
 .text          0x0000000000000eba       0xd4 c:/program files/microchip/xc8/v2.36/avr/bin/../lib/gcc/avr/5.4.0/../../../../avr/lib/avr51/memx-const\libm.a(mulsf3x.o)
                0x0000000000000eba                __mulsf3x
                0x0000000000000ee0                __mulsf3_pse

.text           0x0000000000000f8e       0xce
 .text          0x0000000000000f8e       0xce c:/program files/microchip/xc8/v2.36/avr/bin/../lib/gcc/avr/5.4.0/../../../../avr/lib/avr51/memx-const\libm.a(addsf3x.o)
                0x0000000000000f8e                __addsf3x

.text.DIO_PinWrite
                0x000000000000105c       0xac
 .text.DIO_PinWrite
                0x000000000000105c       0xac MCAL/Src/DIO.o
                0x000000000000105c                DIO_PinWrite

.text.USART_RX_InterruptHandler
                0x0000000000001108       0xa2
 .text.USART_RX_InterruptHandler
                0x0000000000001108       0xa2 MCAL/Src/USART.o

.text.LCD_WriteCustomChar
                0x00000000000011aa       0x90
 .text.LCD_WriteCustomChar
                0x00000000000011aa       0x90 HAL/Src/CHR_LCD.o
                0x00000000000011aa                LCD_WriteCustomChar

.text.USART_UDRE_InterruptHandler
                0x000000000000123a       0x90
 .text.USART_UDRE_InterruptHandler
                0x000000000000123a       0x90 MCAL/Src/USART.o

.text           0x00000000000012ca       0x7a
 .text          0x00000000000012ca       0x7a c:/program files/microchip/xc8/v2.36/avr/bin/../lib/gcc/avr/5.4.0/../../../../avr/lib/avr51/memx-const\libm.a(floatsisf.o)
                0x00000000000012ca                __floatunsisf
                0x00000000000012ce                __floatsisf

.text.LCD_Write4Bits
                0x0000000000001344       0x60
 .text.LCD_Write4Bits
                0x0000000000001344       0x60 HAL/Src/CHR_LCD.o

.text           0x00000000000013a4       0x5e
 .text          0x00000000000013a4       0x5e c:/program files/microchip/xc8/v2.36/avr/bin/../lib/gcc/avr/5.4.0/../../../../avr/lib/avr51/memx-const\libm.a(fixunssfsi.o)
                0x00000000000013a4                __fixunssfsi

.text.LCD_WriteStringInPos
                0x0000000000001402       0x5a
 .text.LCD_WriteStringInPos
                0x0000000000001402       0x5a HAL/Src/CHR_LCD.o
                0x0000000000001402                LCD_WriteStringInPos

.text.__vector_18
                0x000000000000145c       0x52
 .text.__vector_18
                0x000000000000145c       0x52 MCAL/Src/USART.o
                0x000000000000145c                __vector_18

.text.__vector_30
                0x00000000000014ae       0x52
 .text.__vector_30
                0x00000000000014ae       0x52 MCAL/Src/USART.o
                0x00000000000014ae                __vector_30

.text.__vector_19
                0x0000000000001500       0x52
 .text.__vector_19
                0x0000000000001500       0x52 MCAL/Src/USART.o
                0x0000000000001500                __vector_19

.text.__vector_31
                0x0000000000001552       0x52
 .text.__vector_31
                0x0000000000001552       0x52 MCAL/Src/USART.o
                0x0000000000001552                __vector_31

.text.LCD_SetCursor
                0x00000000000015a4       0x4e
 .text.LCD_SetCursor
                0x00000000000015a4       0x4e HAL/Src/CHR_LCD.o
                0x00000000000015a4                LCD_SetCursor

.text           0x00000000000015f2       0x48
 .text          0x00000000000015f2       0x48 c:/program files/microchip/xc8/v2.36/avr/bin/../lib/gcc/avr/5.4.0/../../../../avr/lib/avr51/memx-const\libm.a(fp_cmp.o)
                0x00000000000015f2                __fp_cmp

.text.LCD_EnableControl
                0x000000000000163a       0x46
 .text.LCD_EnableControl
                0x000000000000163a       0x46 HAL/Src/CHR_LCD.o

.text.USART_Transmit_String
                0x0000000000001680       0x44
 .text.USART_Transmit_String
                0x0000000000001680       0x44 MCAL/Src/USART.o
                0x0000000000001680                USART_Transmit_String

.text           0x00000000000016c4       0x44
 .text          0x00000000000016c4       0x44 c:/program files/microchip/xc8/v2.36/avr/bin/../lib/gcc/avr/5.4.0/../../../../avr/lib/avr51/memx-const\libm.a(fp_split3.o)
                0x00000000000016c4                __fp_split3
                0x00000000000016d4                __fp_splitA

.text.memcpy    0x0000000000001708       0x32
 .text.memcpy   0x0000000000001708       0x32 c:/program files/microchip/xc8/v2.36/avr/bin/../lib/gcc/avr/5.4.0/../../../../avr/lib/avr51/memx-const\libc.a(memcpy.o)
                0x0000000000001708                memcpy

.text.LCD_WriteCharInPos
                0x000000000000173a       0x30
 .text.LCD_WriteCharInPos
                0x000000000000173a       0x30 HAL/Src/CHR_LCD.o
                0x000000000000173a                LCD_WriteCharInPos

.text           0x000000000000176a       0x22
 .text          0x000000000000176a       0x22 c:/program files/microchip/xc8/v2.36/avr/bin/../lib/gcc/avr/5.4.0/../../../../avr/lib/avr51/memx-const\libm.a(fp_round.o)
                0x000000000000176a                __fp_round

.text.__vector_21
                0x000000000000178c       0x1e
 .text.__vector_21
                0x000000000000178c       0x1e MCAL/Src/ADC.o
                0x000000000000178c                __vector_21

.text.libgcc    0x00000000000017aa       0x1a
 .text.libgcc   0x00000000000017aa       0x1a c:/program files/microchip/xc8/v2.36/avr/bin/../lib/gcc/avr/5.4.0/avr51/memx-const\libgcc.a(_xload_4.o)
                0x00000000000017aa                __xload_4

.text.exit      0x00000000000017c4       0x16
 .text.exit     0x00000000000017c4       0x16 c:/program files/microchip/xc8/v2.36/avr/bin/../lib/gcc/avr/5.4.0/../../../../avr/lib/avr51/memx-const\libc.a(exit.o)
                0x00000000000017c4                exit

.text.__vector_20
                0x00000000000017da       0x14
 .text.__vector_20
                0x00000000000017da       0x14 MCAL/Src/USART.o
                0x00000000000017da                __vector_20

.text.__vector_32
                0x00000000000017ee       0x14
 .text.__vector_32
                0x00000000000017ee       0x14 MCAL/Src/USART.o
                0x00000000000017ee                __vector_32

.text           0x0000000000001802        0xe
 .text          0x0000000000001802        0xe c:/program files/microchip/xc8/v2.36/avr/bin/../lib/gcc/avr/5.4.0/../../../../avr/lib/avr51/memx-const\libm.a(addsf3.o)
                0x0000000000001802                __subsf3
                0x0000000000001804                __addsf3

.text           0x0000000000001810        0xe
 .text          0x0000000000001810        0xe c:/program files/microchip/xc8/v2.36/avr/bin/../lib/gcc/avr/5.4.0/../../../../avr/lib/avr51/memx-const\libm.a(fp_pscA.o)
                0x0000000000001810                __fp_pscA

.text           0x000000000000181e        0xe
 .text          0x000000000000181e        0xe c:/program files/microchip/xc8/v2.36/avr/bin/../lib/gcc/avr/5.4.0/../../../../avr/lib/avr51/memx-const\libm.a(fp_pscB.o)
                0x000000000000181e                __fp_pscB

.text           0x000000000000182c        0xe
 .text          0x000000000000182c        0xe c:/program files/microchip/xc8/v2.36/avr/bin/../lib/gcc/avr/5.4.0/../../../../avr/lib/avr51/memx-const\libm.a(fp_zero.o)
                0x000000000000182c                __fp_zero
                0x000000000000182e                __fp_szero

.text.libgcc    0x000000000000183a        0xe
 .text.libgcc   0x000000000000183a        0xe c:/program files/microchip/xc8/v2.36/avr/bin/../lib/gcc/avr/5.4.0/avr51/memx-const\libgcc.a(_xload_1.o)
                0x000000000000183a                __xload_1

.text           0x0000000000001848        0xc
 .text          0x0000000000001848        0xc c:/program files/microchip/xc8/v2.36/avr/bin/../lib/gcc/avr/5.4.0/../../../../avr/lib/avr51/memx-const\libm.a(fp_inf.o)
                0x0000000000001848                __fp_inf

.text           0x0000000000001854        0xa
 .text          0x0000000000001854        0xa c:/program files/microchip/xc8/v2.36/avr/bin/../lib/gcc/avr/5.4.0/../../../../avr/lib/avr51/memx-const\libm.a(cmpsf2.o)
                0x0000000000001854                __nesf2
                0x0000000000001854                __eqsf2
                0x0000000000001854                __cmpsf2
                0x0000000000001854                __ltsf2
                0x0000000000001854                __lesf2

.text           0x000000000000185e        0xa
 .text          0x000000000000185e        0xa c:/program files/microchip/xc8/v2.36/avr/bin/../lib/gcc/avr/5.4.0/../../../../avr/lib/avr51/memx-const\libm.a(gesf2.o)
                0x000000000000185e                __gesf2
                0x000000000000185e                __gtsf2

.text.ENABLE_GIE
                0x0000000000001868        0x8
 .text.ENABLE_GIE
                0x0000000000001868        0x8 MCAL/Src/Global_Interrupt.o
                0x0000000000001868                ENABLE_GIE

.text           0x0000000000001870        0x8
 .text          0x0000000000001870        0x8 c:/program files/microchip/xc8/v2.36/avr/bin/../lib/gcc/avr/5.4.0/../../../../avr/lib/avr51/memx-const\libm.a(divsf3.o)
                0x0000000000001870                __divsf3

.text           0x0000000000001878        0x8
 .text          0x0000000000001878        0x8 c:/program files/microchip/xc8/v2.36/avr/bin/../lib/gcc/avr/5.4.0/../../../../avr/lib/avr51/memx-const\libm.a(mulsf3.o)
                0x0000000000001878                __mulsf3

.text           0x0000000000001880        0x6
 .text          0x0000000000001880        0x6 c:/program files/microchip/xc8/v2.36/avr/bin/../lib/gcc/avr/5.4.0/../../../../avr/lib/avr51/memx-const\libm.a(fp_nan.o)
                0x0000000000001880                __fp_nan

.text           0x0000000000001886        0x4
 .text          0x0000000000001886        0x4 C:/Program Files (x86)/Atmel/Studio/7.0/Packs/atmel/ATmega_DFP/1.7.374/xc8/avr/lib/avr51/memx-const/crtatmega128a.o
                0x0000000000001886                __vector_22
                0x0000000000001886                __vector_28
                0x0000000000001886                __vector_1
                0x0000000000001886                __vector_34
                0x0000000000001886                __vector_24
                0x0000000000001886                __vector_12
                0x0000000000001886                __bad_interrupt
                0x0000000000001886                __vector_6
                0x0000000000001886                __vector_3
                0x0000000000001886                __vector_23
                0x0000000000001886                __vector_25
                0x0000000000001886                __vector_11
                0x0000000000001886                __vector_13
                0x0000000000001886                __vector_7
                0x0000000000001886                __vector_27
                0x0000000000001886                __vector_5
                0x0000000000001886                __vector_33
                0x0000000000001886                __vector_4
                0x0000000000001886                __vector_9
                0x0000000000001886                __vector_2
                0x0000000000001886                __vector_15
                0x0000000000001886                __vector_29
                0x0000000000001886                __vector_8
                0x0000000000001886                __vector_26
                0x0000000000001886                __vector_14
                0x0000000000001886                __vector_10
                0x0000000000001886                __vector_16

.text._Exit     0x000000000000188a        0x4
 .text._Exit    0x000000000000188a        0x4 c:/program files/microchip/xc8/v2.36/avr/bin/../lib/gcc/avr/5.4.0/../../../../avr/lib/avr51/memx-const\libc.a(_Exit.o)
                0x000000000000188a                _Exit

.text.__dummy_fini
                0x000000000000188e        0x2
 .text.__dummy_fini
                0x000000000000188e        0x2 c:/program files/microchip/xc8/v2.36/avr/bin/../lib/gcc/avr/5.4.0/../../../../avr/lib/avr51/memx-const\libc.a(exit.o)
                0x000000000000188e                _fini

.text.__dummy_funcs_on_exit
                0x0000000000001890        0x2
 .text.__dummy_funcs_on_exit
                0x0000000000001890        0x2 c:/program files/microchip/xc8/v2.36/avr/bin/../lib/gcc/avr/5.4.0/../../../../avr/lib/avr51/memx-const\libc.a(exit.o)
                0x0000000000001890                __funcs_on_exit

.text.__dummy_simulator_exit
                0x0000000000001892        0x2
 .text.__dummy_simulator_exit
                0x0000000000001892        0x2 c:/program files/microchip/xc8/v2.36/avr/bin/../lib/gcc/avr/5.4.0/../../../../avr/lib/avr51/memx-const\libc.a(exit.o)
                0x0000000000001892                __simulator_exit

.data.PORT_REG  0x0000000000800600        0xe load address 0x0000000000001894
 .data.PORT_REG
                0x0000000000800600        0xe MCAL/Src/DIO.o
                0x0000000000800600                PORT_REG

.data.DDR_REG   0x000000000080060e        0xe load address 0x00000000000018a2
 .data.DDR_REG  0x000000000080060e        0xe MCAL/Src/DIO.o
                0x000000000080060e                DDR_REG

.data.USART1    0x000000000080061c        0xd load address 0x00000000000018b0
 .data.USART1   0x000000000080061c        0xd Application/main.o
                0x000000000080061c                USART1

.data.LCD1      0x0000000000800629        0xb load address 0x00000000000018bd
 .data.LCD1     0x0000000000800629        0xb Application/main.o
                0x0000000000800629                LCD1

.data.UDR_REG   0x0000000000800634        0x4 load address 0x00000000000018c8
 .data.UDR_REG  0x0000000000800634        0x4 MCAL/Src/USART.o
                0x0000000000800634                UDR_REG

.data.UBRRH_REG
                0x0000000000800638        0x4 load address 0x00000000000018cc
 .data.UBRRH_REG
                0x0000000000800638        0x4 MCAL/Src/USART.o
                0x0000000000800638                UBRRH_REG

.data.UBRRL_REG
                0x000000000080063c        0x4 load address 0x00000000000018d0
 .data.UBRRL_REG
                0x000000000080063c        0x4 MCAL/Src/USART.o
                0x000000000080063c                UBRRL_REG

.data.UCSRC_REG
                0x0000000000800640        0x4 load address 0x00000000000018d4
 .data.UCSRC_REG
                0x0000000000800640        0x4 MCAL/Src/USART.o
                0x0000000000800640                UCSRC_REG

.data.UCSRB_REG
                0x0000000000800644        0x4 load address 0x00000000000018d8
 .data.UCSRB_REG
                0x0000000000800644        0x4 MCAL/Src/USART.o
                0x0000000000800644                UCSRB_REG

.data.UCSRA_REG
                0x0000000000800648        0x4 load address 0x00000000000018dc
 .data.UCSRA_REG
                0x0000000000800648        0x4 MCAL/Src/USART.o
                0x0000000000800648                UCSRA_REG
